[debug] [2026-06-08T04:24:58.698Z] ----------------------------------------------------------------------
[debug] [2026-06-08T04:24:58.703Z] Command:       C:\Program Files\nodejs\node.exe C:\Users\chira\AppData\Local\npm-cache\_npx\ba4f1959e38407b5\node_modules\firebase-tools\lib\bin\firebase.js init dataconnect --project demo-no-project
[debug] [2026-06-08T04:24:58.704Z] CLI Version:   15.19.1
[debug] [2026-06-08T04:24:58.704Z] Platform:      win32
[debug] [2026-06-08T04:24:58.704Z] Node Version:  v22.21.1
[debug] [2026-06-08T04:24:58.704Z] Time:          Mon Jun 08 2026 09:54:58 GMT+0530 (India Standard Time)
[debug] [2026-06-08T04:24:58.704Z] ----------------------------------------------------------------------
[debug] 
[debug] [2026-06-08T04:24:58.706Z] >>> [apiv2][query] GET https://firebase-public.firebaseio.com/cli.json [none]
[info] 
     ######## #### ########  ######## ########     ###     ######  ########
     ##        ##  ##     ## ##       ##     ##  ##   ##  ##       ##
     ######    ##  ########  ######   ########  #########  ######  ######
     ##        ##  ##    ##  ##       ##     ## ##     ##       ## ##
     ##       #### ##     ## ######## ########  ##     ##  ######  ########

You're about to initialize a Firebase project in this directory:

  E:\Document Manager

[debug] [2026-06-08T04:25:01.629Z] <<< [apiv2][status] GET https://firebase-public.firebaseio.com/cli.json 200
[debug] [2026-06-08T04:25:01.629Z] <<< [apiv2][body] GET https://firebase-public.firebaseio.com/cli.json {"cloudBuildErrorAfter":1594252800000,"cloudBuildWarnAfter":1590019200000,"defaultNode10After":1594252800000,"minVersion":"3.0.5","node8DeploysDisabledAfter":1613390400000,"node8RuntimeDisabledAfter":1615809600000,"node8WarnAfter":1600128000000}
[info] 
=== Project Setup
[info] 
[info] First, let's associate this project directory with a Firebase project.
[info] You can create multiple project aliases by running firebase use --add, 
[info] 
[info] Skipping Firebase project setup because a demo project is provided
[info] 
=== Dataconnect Setup
[info] +  dataconnect: Detected existing apps frontend (web), backend (web) 
